  ╨Ю╨┐╤А╨╡╨┤╨╡╨╗╨╡╨╜╨╕╨╡ ╨┐╤А╨╛╨╡╨║╤В╨╛╨▓ ╨┤╨╗╤П ╨▓╨╛╤Б╤Б╤В╨░╨╜╨╛╨▓╨╗╨╡╨╜╨╕╤П...
  ╨Т╤Б╨╡ ╨┐╤А╨╛╨╡╨║╤В╤Л ╨╛╨▒╨╜╨╛╨▓╨╗╨╡╨╜╤Л ╨┤╨╗╤П ╨▓╨╛╤Б╤Б╤В╨░╨╜╨╛╨▓╨╗╨╡╨╜╨╕╤П.
C:\Program Files\dotnet\sdk\9.0.304\Sdks\Microsoft.NET.Sdk\targets\Microsoft.NET.Sdk.DefaultItems.Shared.targets(190,5): error NETSDK1022: ╨▒╤Л╨╗╨╕ ╨▓╨║╨╗╤О╤З╨╡╨╜╤Л ╨┐╨╛╨▓╤В╨╛╤А╤П╤О╤Й╨╕╨╡╤Б╤П ╤Н╨╗╨╡╨╝╨╡╨╜╤В╤Л "Compile". ╨Я╨░╨║╨╡╤В┬аSDK ╨┤╨╗╤П┬а.NET ╨┐╨╛ ╤Г╨╝╨╛╨╗╤З╨░╨╜╨╕╤О ╨▓╨║╨╗╤О╤З╨░╨╡╤В ╤Н╨╗╨╡╨╝╨╡╨╜╤В╤Л "Compile" ╨╕╨╖ ╨║╨░╤В╨░╨╗╨╛╨│╨░ ╨┐╤А╨╛╨╡╨║╤В╨░. ╨Т╤Л ╨╝╨╛╨╢╨╡╤В╨╡ ╤Г╨┤╨░╨╗╨╕╤В╤М ╨╕╨╖ ╤Д╨░╨╣╨╗╨░ ╨┐╤А╨╛╨╡╨║╤В╨░ ╤Н╤В╨╕ ╤Н╨╗╨╡╨╝╨╡╨╜╤В╤Л ╨╕╨╗╨╕ ╨┐╤А╨╕╤Б╨▓╨╛╨╕╤В╤М ╤Б╨▓╨╛╨╣╤Б╤В╨▓╤Г "EnableDefaultCompileItems" ╨╖╨╜╨░╤З╨╡╨╜╨╕╨╡ "false", ╨╡╤Б╨╗╨╕ ╨╜╤Г╨╢╨╜╨╛ ╨▓╨║╨╗╤О╤З╨╕╤В╤М ╨╕╤Е ╨▓ ╤Д╨░╨╣╨╗ ╨┐╤А╨╛╨╡╨║╤В╨░ ╨▓ ╤П╨▓╨╜╨╛╨╝ ╨▓╨╕╨┤╨╡. ╨Ф╨╛╨┐╨╛╨╗╨╜╨╕╤В╨╡╨╗╤М╨╜╤Л╨╡ ╤Б╨▓╨╡╨┤╨╡╨╜╨╕╤П: https://aka.ms/sdkimplicititems. ╨Я╨╛╨▓╤В╨╛╤А╤П╤О╤Й╨╕╨╡╤Б╤П ╤Н╨╗╨╡╨╝╨╡╨╜╤В╤Л: 'App.xaml.cs'; 'Constants.cs'; 'Controls\AdvancedButton\AdvancedButton.cs'; 'Controls\AdvancedComboBox\AdvancedComboBox.cs'; 'Controls\AdvancedTextBox\AdvancedTextBox.cs'; 'Controls\AdvancedToggleButton\AdvancedToggleButton.cs'; 'Controls\AdvancedToolTip\AdvancedToolTip.cs'; 'Controls\AdvancedWrapPanel\AdvancedWrapPanel.cs'; 'Controls\AnimatedContentControl\AnimatedContentControl.cs'; 'Controls\BackTop\BackTop.cs'; 'Controls\BindablePasswordBox\BindablePasswordBox.xaml.cs'; 'Controls\CircleLoader\CircleLoader.cs'; 'Controls\Core\Message\IMessageService.cs'; 'Controls\Core\Message\MessageItemModel.cs'; 'Controls\Core\Message\MessageService.cs'; 'Controls\Core\Message\Types\MessageType.cs'; 'Controls\CornerRadiusExtension.cs'; 'Controls\DefaultMainMenuTabItem\DefaultMainMenuTabItem.cs'; 'Controls\DependencyObjectHelper.cs'; 'Controls\DigitCodeBox\DigitCodeBox.cs'; 'Controls\DragDropBoard\DragDropBoard.cs'; 'Controls\DropdownMenu\DropdownMenu.cs'; 'Controls\Empty\Empty.cs'; 'Controls\LaunchButton\LaunchButton.cs'; 'Controls\Loader\Loader.cs'; 'Controls\LoadingBoard\LoadingBoard.cs'; 'Controls\Message\MessageItem.cs'; 'Controls\ModalControl\ModalControl.cs'; 'Controls\OneStageInstallButton\OneStageInstallButton.cs'; 'Controls\PageCurtains\PageCurtains.cs'; 'Controls\Paginator\Paginator.cs'; 'Controls\Paginator\PaginatorOptions.cs'; 'Controls\SearchBox\SearchBox.cs'; 'Controls\TextSwitcherButton\TextSwitcherButton.cs'; 'Controls\ToastMessage\ToastMessage.cs'; 'Controls\UIUnderlineTabControl\UIUnderlineTabControl.cs'; 'Controls\UpperPlaceholderTextBox\UpperPlaceholderTextBox.cs'; 'Core\AppCore.cs'; 'Core\AppSettings.cs'; 'Core\BindingProxy.cs'; 'Core\Commands\CommandBase.cs'; 'Core\Commands\NavigateCommand.cs'; 'Core\Commands\RelayCommand.cs'; 'Core\ConsoleLog.cs'; 'Core\Converters\MultiValueConverter\AdvancedImageSourceNullValidateConverter.cs'; 'Core\Converters\MultiValueConverter\MultiValueConverterBase.cs'; 'Core\Converters\MultiValueConverter\StringFormatConverter.cs'; 'Core\Converters\MultiValueConverter\StyleSelectorConverter.cs'; 'Core\Converters\ValueConverters\BooleanToVisibilityConverter.cs'; 'Core\Converters\ValueConverters\CollectionToStringWithBreaklineConverter.cs'; 'Core\Converters\ValueConverters\ConverterBase.cs'; 'Core\Converters\ValueConverters\CountToVisibilityConverter.cs'; 'Core\Converters\ValueConverters\ImagePathValidateConverter.cs'; 'Core\Converters\ValueConverters\ImageSourceNullValidateConverter.cs'; 'Core\Converters\ValueConverters\IsCollectionEmptyConverter.cs'; 'Core\Converters\ValueConverters\IsObjectNullConverter.cs'; 'Core\Converters\ValueConverters\IsStringNullOrEmptyConverter.cs'; 'Core\Converters\ValueConverters\IsValueNullConverter.cs'; 'Core\Converters\ValueConverters\NegativeBooleanToVisibilityConverter.cs'; 'Core\Converters\ValueConverters\NegativeBooleanValueConverter.cs'; 'Core\Converters\ValueConverters\PositiveIntToShortStringConverter.cs'; 'Core\Converters\ValueConverters\RowElementCountConverter.cs'; 'Core\Converters\ValueConverters\StringCollectionToShortString.cs'; 'Core\Converters\ValueConverters\ToStringConverter.cs'; 'Core\Converters\ValueConverters\WindowHeightToXProcentHeight.cs'; 'Core\Converters\ValueConverters\WindowWidthToXProcentWidth.cs'; 'Core\FiltableObservableCollection.cs'; 'Core\GameExtensions\ExtensionManagerBase.cs'; 'Core\GameExtensions\MinecraftExtension.cs'; 'Core\GameExtensions\ModloaderManager.cs'; 'Core\GameExtensions\OptimizationModManager.cs'; 'Core\GlobalLoadingArgs.cs'; 'Core\If.cs'; 'Core\IRefreshable.cs'; 'Core\LeftPanelFieldInfo.cs'; 'Core\Modal\IModalViewModel.cs'; 'Core\Modal\ModalViewModelBase.cs'; 'Core\Notifications\IActionNotification.cs'; 'Core\Notifications\INotification.cs'; 'Core\Notifications\INotificationAction.cs'; 'Core\Notifications\INotificationService.cs'; 'Core\Notifications\NotificationType.cs'; 'Core\Notifications\SimpleNotification.cs'; 'Core\Objects\AccountItem.cs'; 'Core\Objects\Accounts.cs'; 'Core\Objects\ActivityColor.cs'; 'Core\Objects\CategoryWrapper.cs'; 'Core\Objects\DownloableAddonFile.cs'; 'Core\Objects\FrameworkElementModel.cs'; 'Core\Objects\InstanceDistribution.cs'; 'Core\Objects\LanguageModel.cs'; 'Core\Objects\LeftPanelItemModel.cs'; 'Core\Objects\ModalLeftMenuTabItem.cs'; 'Core\Objects\Modloader.cs'; 'Core\Objects\NightWorldUser.cs'; 'Core\Objects\Notification.cs'; 'Core\Objects\PlayerWrapper.cs'; 'Core\Objects\SelecteableItem.cs'; 'Core\Objects\TabItemModel.cs'; 'Core\Objects\Test.cs'; 'Core\Objects\Theme.cs'; 'Core\ObservableModelBase.cs'; 'Core\Paginator\IPaginator.cs'; 'Core\Paginator\Paginator.cs'; 'Core\Resources\IResourceLoader.cs'; 'Core\Resources\Language\LanguageItem.cs'; 'Core\Resources\Language\LanguageLoader.cs'; 'Core\Resources\ResourcesLoader.cs'; 'Core\Resources\Theme\ThemeItem.cs'; 'Core\Resources\Theme\ThemeLoader.cs'; 'Core\SegmentItem.cs'; 'Core\Services\AppColorThemeService.cs'; 'Core\Services\NotificationService.cs'; 'Core\Stores\INavigationStore.cs'; 'Core\Stores\ModalNavigationStore.cs'; 'Core\Stores\NavigationStore.cs'; 'Core\Switch.cs'; 'Core\TranslatableObjects\InstanceSourceObject.cs'; 'Core\TranslatableObjects\ITranslatableObject.cs'; 'Core\TranslatableObjects\SortByParamObject.cs'; 'Core\TranslatableObjects\TranslatableObject.cs'; 'Core\ViewModel\ContentLayoutViewModelBase.cs'; 'Core\ViewModel\ILayoutViewModel.cs'; 'Core\ViewModel\ILimitedAccess.cs'; 'Core\ViewModel\LimitedContentViewModelBase.cs'; 'Core\ViewModel\ObservableObject.cs'; 'Core\ViewModel\ViewModelBase.cs'; 'Extensions\Animations\SolidColorBrushAnimation.cs'; 'Extensions\ListBoxExtensions.cs'; 'Extensions\LongExtensions.cs'; 'Extensions\PathExtensions.cs'; 'Extensions\ResourceDictionaryExtensions.cs'; 'Extensions\ResourceKeyBinding.cs'; 'Extensions\ScrollViewerExtensions.cs'; 'Extensions\StyleSelectors\LastChildStyleSelector.cs'; 'Extensions\StyleSelectors\LastRowItemWrapPanelStyleSelector.cs'; 'Extensions\StyleSelectors\NthChildStyleSelector.cs'; 'Extensions\TextBlockExtensions.cs'; 'Extensions\TreeViewItemExtensions.cs'; 'Extensions\VisualExtensions.cs'; 'Main.cs'; 'Mvvm\Models\AddonsRepositories\AddonsRepositoryModelBase.cs'; 'Mvvm\Models\AddonsRepositories\Groups\CategoryGroup.cs'; 'Mvvm\Models\AddonsRepositories\Groups\IAddonSearchParamsGroupBase.cs'; 'Mvvm\Models\AddonsRepositories\Groups\ModloaderGroup.cs'; 'Mvvm\Models\AddonsRepositories\LexplosionAddonsRepositoryModel.cs'; 'Mvvm\Models\Authorization\AuthModelBase.cs'; 'Mvvm\Models\Authorization\AuthorizationMenuModel.cs'; 'Mvvm\Models\Authorization\BasicAuthorization\IBasicAuthModel.cs'; 'Mvvm\Models\Authorization\BasicAuthorization\NightWorld\DigitCodeConfimationModel.cs'; 'Mvvm\Models\Authorization\BasicAuthorization\NightWorld\NightWorldAuthorizationModel.cs'; 'Mvvm\Models\Authorization\BasicAuthorization\NightWorld\PasswordResetModel.cs'; 'Mvvm\Models\Authorization\IAuthModel.cs'; 'Mvvm\Models\Authorization\Modal\MicrosoftManualInputModal.cs'; 'Mvvm\Models\Authorization\NightWorldRegistrationModel.cs'; 'Mvvm\Models\Authorization\NoAccountAuthorizationModel.cs'; 'Mvvm\Models\Authorization\OAuth2\IOAuth2Model.cs'; 'Mvvm\Models\Authorization\OAuth2\MicrosoftAuthorizationModel.cs'; 'Mvvm\Models\InstanceControllers\CatalogController.cs'; 'Mvvm\Models\InstanceControllers\IInstanceController.cs'; 'Mvvm\Models\InstanceControllers\InstanceSharesController.cs'; 'Mvvm\Models\InstanceControllers\LibraryController.cs'; 'Mvvm\Models\InstanceModel\DownloadingData.cs'; 'Mvvm\Models\InstanceModel\InstanceLocation.cs'; 'Mvvm\Models\InstanceModel\InstanceModelArgs.cs'; 'Mvvm\Models\InstanceModel\InstanceModelBase.cs'; 'Mvvm\Models\InstanceTransfer\DistributedInstance.cs'; 'Mvvm\Models\InstanceTransfer\ImportProcess.cs'; 'Mvvm\Models\InstanceTransfer\InstanceDistributionModel.cs'; 'Mvvm\Models\InstanceTransfer\InstanceExportModel.cs'; 'Mvvm\Models\InstanceTransfer\InstanceFileTree.cs'; 'Mvvm\Models\InstanceTransfer\InstanceImportModel.cs'; 'Mvvm\Models\MainContent\InstanceProfile\Addons\InstanceAddonsContainerModel.cs'; 'Mvvm\Models\MainContent\InstanceProfile\Settings\InstanceProfileAboutModel.cs'; 'Mvvm\Models\MainContent\InstanceProfile\Settings\InstanceProfileConfigurationModel.cs'; 'Mvvm\Models\MainContent\InstanceProfile\Settings\InstanceProfileSettingsModel.cs'; 'Mvvm\Models\MainContent\MainMenu\CatalogModel.cs'; 'Mvvm\Models\MainContent\MainMenu\FIlterPanel\CatalogFilterPanel.cs'; 'Mvvm\Models\MainContent\MainMenu\FIlterPanel\LibraryFilterPanel.cs'; 'Mvvm\Models\MainContent\MainMenu\Friends\FindFriendsModel.cs'; 'Mvvm\Models\MainContent\MainMenu\Friends\Friend.cs'; 'Mvvm\Models\MainContent\MainMenu\Friends\FriendRequestsModel.cs'; 'Mvvm\Models\MainContent\MainMenu\Friends\FriendsModel.cs'; 'Mvvm\Models\MainContent\MainMenu\GeneralSettings\AccountsSettingsModel.cs'; 'Mvvm\Models\MainContent\MainMenu\GeneralSettings\AppearanceSettingsModel.cs'; 'Mvvm\Models\MainContent\MainMenu\GeneralSettings\GeneralSettingsModel.cs'; 'Mvvm\Models\MainContent\MainMenu\GeneralSettings\LanguageSettingsModel.cs'; 'Mvvm\Models\MainContent\MainMenu\LibraryModel.cs'; 'Mvvm\Models\MainContent\MainMenu\Multiplayer\AdServersModel.cs'; 'Mvvm\Models\MainContent\MainMenu\Multiplayer\MultiplayerModel.cs'; 'Mvvm\Models\MainModel.cs'; 'Mvvm\Models\Modal\AccountFactoryModel.cs'; 'Mvvm\Models\Modal\InstanceFactory\InstanceCopyErrorsModel.cs'; 'Mvvm\Models\Modal\InstanceFactory\InstanceCopyModel.cs'; 'Mvvm\Models\Modal\InstanceFactory\InstanceFactoryModel.cs'; 'Mvvm\Models\Modal\InstanceGroupsConfiguratorModel.cs'; 'Mvvm\Models\UserData.cs'; 'Mvvm\OldInstanceForm.xaml.cs'; 'Mvvm\ViewModels\AddonsRepositories\LexplosionAddonsRepositoryViewModel.cs'; 'Mvvm\ViewModels\Args\MultiplayerSection\MultiplayerLayoutArgs.cs'; 'Mvvm\ViewModels\Args\MultiplayerSection\SelectInstanceForServerArgs.cs'; 'Mvvm\ViewModels\Authorization\AuthorizationMenuViewModel.cs'; 'Mvvm\ViewModels\Authorization\AuthorizationViewModelBase.cs'; 'Mvvm\ViewModels\Authorization\BasicAuthorization\NightWorld\DigitCodeConfirmationViewModel.cs'; 'Mvvm\ViewModels\Authorization\BasicAuthorization\NightWorld\NightWorldAuthorizationViewModel.cs'; 'Mvvm\ViewModels\Authorization\BasicAuthorization\NightWorld\PasswordResetViewModel.cs'; 'Mvvm\ViewModels\Authorization\Modal\MicrosoftManualInputViewModel.cs'; 'Mvvm\ViewModels\Authorization\NightWorldRegistrationViewModel.cs'; 'Mvvm\ViewModels\Authorization\NoAccountAuthorizationViewModel.cs'; 'Mvvm\ViewModels\Authorization\OAuth2\MicrosoftAuthorizationViewModel.cs'; 'Mvvm\ViewModels\Limited\LimitedContentLayoutViewModelBase.cs'; 'Mvvm\ViewModels\Limited\NightWorldLimitedContentLayoutViewModel.cs'; 'Mvvm\ViewModels\MainContent\InstanceProfile\Addons\InstanceAddonsContainerViewModel.cs'; 'Mvvm\ViewModels\MainContent\InstanceProfile\Addons\InstanceProfileAddonsLayoutViewModel.cs'; 'Mvvm\ViewModels\MainContent\InstanceProfile\Addons\IVisualFormat.cs'; 'Mvvm\ViewModels\MainContent\InstanceProfile\Addons\VisualFormat.cs'; 'Mvvm\ViewModels\MainContent\InstanceProfile\InstanceProfileLayoutViewModel.cs'; 'Mvvm\ViewModels\MainContent\InstanceProfile\InstanceProfileLeftPanelViewModel.cs'; 'Mvvm\ViewModels\MainContent\InstanceProfile\Overview\InstanceProfileOverviewGalleryViewModel.cs'; 'Mvvm\ViewModels\MainContent\InstanceProfile\Overview\InstanceProfileOverviewLayoutViewModel.cs'; 'Mvvm\ViewModels\MainContent\InstanceProfile\Overview\InstanceProfileOverviewViewModel.cs'; 'Mvvm\ViewModels\MainContent\InstanceProfile\Overview\InstanceProfileVersionsViewModel.cs'; 'Mvvm\ViewModels\MainContent\InstanceProfile\Settings\InstanceProfileAboutViewModel.cs'; 'Mvvm\ViewModels\MainContent\InstanceProfile\Settings\InstanceProfileConfigurationViewModel.cs'; 'Mvvm\ViewModels\MainContent\InstanceProfile\Settings\InstanceProfileSettingsLayoutViewModel.cs'; 'Mvvm\ViewModels\MainContent\InstanceProfile\Settings\InstanceProfileSettingsViewModel.cs'; 'Mvvm\ViewModels\MainContent\MainMenu\Content\CatalogViewModel.cs'; 'Mvvm\ViewModels\MainContent\MainMenu\Content\Friends\FindFriendsViewModel.cs'; 'Mvvm\ViewModels\MainContent\MainMenu\Content\Friends\FriendRequestsViewModel.cs'; 'Mvvm\ViewModels\MainContent\MainMenu\Content\Friends\FriendsLayoutViewModel.cs'; 'Mvvm\ViewModels\MainContent\MainMenu\Content\Friends\FriendsViewModel.cs'; 'Mvvm\ViewModels\MainContent\MainMenu\Content\GeneralSettings\AboutUsViewModel.cs'; 'Mvvm\ViewModels\MainContent\MainMenu\Content\GeneralSettings\AccountsSettingsViewModel.cs'; 'Mvvm\ViewModels\MainContent\MainMenu\Content\GeneralSettings\AppearanceSettingsViewModel.cs'; 'Mvvm\ViewModels\MainContent\MainMenu\Content\GeneralSettings\GeneralSettingsLayoutViewModel.cs'; 'Mvvm\ViewModels\MainContent\MainMenu\Content\GeneralSettings\GeneralSettingsViewModel.cs'; 'Mvvm\ViewModels\MainContent\MainMenu\Content\GeneralSettings\LanguageSettingsViewModel.cs'; 'Mvvm\ViewModels\MainContent\MainMenu\Content\LibraryViewModel.cs'; 'Mvvm\ViewModels\MainContent\MainMenu\Content\Multiplayer\AdServersViewModel.cs'; 'Mvvm\ViewModels\MainContent\MainMenu\Content\Multiplayer\MultiplayerLayoutViewModel.cs'; 'Mvvm\ViewModels\MainContent\MainMenu\Content\Multiplayer\MultiplayerViewModel.cs'; 'Mvvm\ViewModels\MainContent\MainMenu\LeftPanel\LeftPanelViewModel.cs'; 'Mvvm\ViewModels\MainContent\MainMenu\MainMenuLayoutViewModel.cs'; 'Mvvm\ViewModels\MainContent\ServerProfile\Overview\ServerProfileOverviewGalleryViewModel.cs'; 'Mvvm\ViewModels\MainContent\ServerProfile\Overview\ServerProfileOverviewLayoutViewModel.cs'; 'Mvvm\ViewModels\MainContent\ServerProfile\Overview\ServerProfileOverviewViewModel.cs'; 'Mvvm\ViewModels\MainContent\ServerProfile\ServerProfileLayoutViewModel.cs'; 'Mvvm\ViewModels\MainContent\ServerProfile\ServerProfileLeftPanelViewModel.cs'; 'Mvvm\ViewModels\MainViewModel.cs'; 'Mvvm\ViewModels\ModalFactory\ModalFactoryBase.cs'; 'Mvvm\ViewModels\ModalFactory\ModalInstanceCreatorFactory.cs'; 'Mvvm\ViewModels\Modal\AccountFactoryViewModel.cs'; 'Mvvm\ViewModels\Modal\AddonRepository\SelectAddonVersionViewModel.cs'; 'Mvvm\ViewModels\Modal\AdServers\AskServerInstanceInstallingViewModel.cs'; 'Mvvm\ViewModels\Modal\AdServers\SelectInstanceForServerViewModel.cs'; 'Mvvm\ViewModels\Modal\ConfirmActionViewModel.cs'; 'Mvvm\ViewModels\Modal\DownloadViewerViewModel.cs'; 'Mvvm\ViewModels\Modal\ErrorViewerViewModel.cs'; 'Mvvm\ViewModels\Modal\InstanceFactory\InstanceCopyErrorsViewModel.cs'; 'Mvvm\ViewModels\Modal\InstanceFactory\InstanceCopyViewModel.cs'; 'Mvvm\ViewModels\Modal\InstanceFactory\InstanceFactoryViewModel.cs'; 'Mvvm\ViewModels\Modal\InstancesGroup\InstanceGroupsConfiguratorViewModel.cs'; 'Mvvm\ViewModels\Modal\InstancesGroup\InstancesGroupEditViewModel.cs'; 'Mvvm\ViewModels\Modal\InstancesGroup\InstancesGroupFactoryViewModel.cs'; 'Mvvm\ViewModels\Modal\InstanceTransfer\ActiveSharesViewModel.cs'; 'Mvvm\ViewModels\Modal\InstanceTransfer\Import\InstanceImportFillDataViewModel.cs'; 'Mvvm\ViewModels\Modal\InstanceTransfer\Import\InstanceImportViewModel.cs'; 'Mvvm\ViewModels\Modal\InstanceTransfer\InstanceDistributionViewModel.cs'; 'Mvvm\ViewModels\Modal\InstanceTransfer\InstanceExportViewModel.cs'; 'Mvvm\ViewModels\Modal\InstanceTransfer\InstanceShareLayoutViewModel.cs'; 'Mvvm\ViewModels\Modal\InstanceTransfer\InstanceShareViewModel.cs'; 'Mvvm\ViewModels\Modal\LeftMenu\LeftMenuControl.cs'; 'Mvvm\ViewModels\WelcomePageThemeSelectViewModel.cs'; 'Mvvm\ViewModels\WelcomeViewModel.cs'; 'Mvvm\Views\Modal\AccountFactoryView.xaml.cs'; 'Mvvm\Views\Modal\AddonRepository\SelectAddonVersionView.xaml.cs'; 'Mvvm\Views\Modal\AdServers\AskServerInstanceInstallingView.xaml.cs'; 'Mvvm\Views\Modal\AdServers\SelectInstanceForServerView.xaml.cs'; 'Mvvm\Views\Modal\Authorization\MicrosoftManualInputView.xaml.cs'; 'Mvvm\Views\Modal\ConfirmAction\ConfirmActionView.xaml.cs'; 'Mvvm\Views\Modal\DownloadViewer.xaml.cs'; 'Mvvm\Views\Modal\ErrorViewer.xaml.cs'; 'Mvvm\Views\Modal\InstanceFactory\InstanceCopyErrorsView.xaml.cs'; 'Mvvm\Views\Modal\InstanceFactory\InstanceCopyView.xaml.cs'; 'Mvvm\Views\Modal\InstanceFactory\InstanceFactoryView.xaml.cs'; 'Mvvm\Views\Modal\InstancesGroup\InstanceGroupsConfiguratorView.xaml.cs'; 'Mvvm\Views\Modal\InstancesGroup\InstancesGroupEditView.xaml.cs'; 'Mvvm\Views\Modal\InstancesGroup\InstancesGroupFactoryView.xaml.cs'; 'Mvvm\Views\Modal\InstanceTransfer\ActiveSharesView.xaml.cs'; 'Mvvm\Views\Modal\InstanceTransfer\InstanceDistributionView.xaml.cs'; 'Mvvm\Views\Modal\InstanceTransfer\InstanceExportView.xaml.cs'; 'Mvvm\Views\Modal\InstanceTransfer\InstanceImport\InstanceImportFillDataView.xaml.cs'; 'Mvvm\Views\Modal\InstanceTransfer\InstanceImport\InstanceImportView.xaml.cs'; 'Mvvm\Views\Modal\InstanceTransfer\InstanceShareLayoutView.xaml.cs'; 'Mvvm\Views\Modal\InstanceTransfer\InstanceShareView.xaml.cs'; 'Mvvm\Views\Modal\LeftMenu\LeftMenuControl.xaml.cs'; 'Mvvm\Views\Pages\AddonsRepositories\LexplosionAddonsRepository.xaml.cs'; 'Mvvm\Views\Pages\AddonsRepositories\Lexplosion\AddonRepositoryCatalogView.xaml.cs'; 'Mvvm\Views\Pages\AddonsRepositories\Lexplosion\InProgressAddonsRepositoryView.xaml.cs'; 'Mvvm\Views\Pages\AddonsRepositories\Lexplosion\InstalledAddonsRepositoryView.xaml.cs'; 'Mvvm\Views\Pages\Authorization\AuthorizationMenuView.xaml.cs'; 'Mvvm\Views\Pages\Authorization\Microsoft\MicrosoftAuthorizationView.xaml.cs'; 'Mvvm\Views\Pages\Authorization\NightWorld\DigitCodeConfirmationVIew.xaml.cs'; 'Mvvm\Views\Pages\Authorization\NightWorld\NightWorldAuthFormView.xaml.cs'; 'Mvvm\Views\Pages\Authorization\NightWorld\NightWorldRegistrationView.xaml.cs'; 'Mvvm\Views\Pages\Authorization\NightWorld\PasswordResetView.xaml.cs'; 'Mvvm\Views\Pages\Authorization\NoAccountAuthorizationView.xaml.cs'; 'Mvvm\Views\Pages\MainContent\InstanceProfile\Addons\InstanceProfileAddonsLayoutView.xaml.cs'; 'Mvvm\Views\Pages\MainContent\InstanceProfile\Addons\InstanceProfileAddonsView.xaml.cs'; 'Mvvm\Views\Pages\MainContent\InstanceProfile\InstanceProfileLayoutView.xaml.cs'; 'Mvvm\Views\Pages\MainContent\InstanceProfile\InstanceProfileLeftPanelView.xaml.cs'; 'Mvvm\Views\Pages\MainContent\InstanceProfile\InstanceProfileVersionsView.xaml.cs'; 'Mvvm\Views\Pages\MainContent\InstanceProfile\Overview\InstanceProfileOverviewGalleryView.xaml.cs'; 'Mvvm\Views\Pages\MainContent\InstanceProfile\Overview\InstanceProfileOverviewLayoutView.xaml.cs'; 'Mvvm\Views\Pages\MainContent\InstanceProfile\Overview\InstanceProfileOverviewView.xaml.cs'; 'Mvvm\Views\Pages\MainContent\InstanceProfile\Settings\InstanceProfileAboutView.xaml.cs'; 'Mvvm\Views\Pages\MainContent\InstanceProfile\Settings\InstanceProfileConfigurationView.xaml.cs'; 'Mvvm\Views\Pages\MainContent\InstanceProfile\Settings\InstanceProfileSettingsLayoutView.xaml.cs'; 'Mvvm\Views\Pages\MainContent\InstanceProfile\Settings\InstanceProfileSettingsView.xaml.cs'; 'Mvvm\Views\Pages\MainContent\MainMenu\Content\CatalogView.xaml.cs'; 'Mvvm\Views\Pages\MainContent\MainMenu\Content\Friends\FindFriendsView.xaml.cs'; 'Mvvm\Views\Pages\MainContent\MainMenu\Content\Friends\Friend.xaml.cs'; 'Mvvm\Views\Pages\MainContent\MainMenu\Content\Friends\FriendRequestsView.xaml.cs'; 'Mvvm\Views\Pages\MainContent\MainMenu\Content\Friends\FriendsLayoutViewModel.xaml.cs'; 'Mvvm\Views\Pages\MainContent\MainMenu\Content\Friends\FriendsView.xaml.cs'; 'Mvvm\Views\Pages\MainContent\MainMenu\Content\GeneralSettings\AboutUsView.xaml.cs'; 'Mvvm\Views\Pages\MainContent\MainMenu\Content\GeneralSettings\AccountsSettingsView.xaml.cs'; 'Mvvm\Views\Pages\MainContent\MainMenu\Content\GeneralSettings\AppearanceSettingsView.xaml.cs'; 'Mvvm\Views\Pages\MainContent\MainMenu\Content\GeneralSettings\GeneralSettingsLayoutView.xaml.cs'; 'Mvvm\Views\Pages\MainContent\MainMenu\Content\GeneralSettings\GeneralSettingsView.xaml.cs'; 'Mvvm\Views\Pages\MainContent\MainMenu\Content\GeneralSettings\LanguageSettingsView.xaml.cs'; 'Mvvm\Views\Pages\MainContent\MainMenu\Content\LibraryView.xaml.cs'; 'Mvvm\Views\Pages\MainContent\MainMenu\Content\Multiplayer\AdServersView.xaml.cs'; 'Mvvm\Views\Pages\MainContent\MainMenu\Content\Multiplayer\MultiplayerLayoutView.xaml.cs'; 'Mvvm\Views\Pages\MainContent\MainMenu\Content\Multiplayer\MultiplayerView.xaml.cs'; 'Mvvm\Views\Pages\MainContent\MainMenu\LeftPanel\LeftPanelView.xaml.cs'; 'Mvvm\Views\Pages\MainContent\MainMenu\MainMenuLayoutView.xaml.cs'; 'Mvvm\Views\Pages\MainContent\ServerProfile\Overview\ServerProfileOverviewGalleryView.xaml.cs'; 'Mvvm\Views\Pages\MainContent\ServerProfile\Overview\ServerProfileOverviewLayoutView.xaml.cs'; 'Mvvm\Views\Pages\MainContent\ServerProfile\Overview\ServerProfileOverviewView.xaml.cs'; 'Mvvm\Views\Pages\MainContent\ServerProfile\ServerProfileLayoutView.xaml.cs'; 'Mvvm\Views\Pages\MainContent\ServerProfile\ServerProfileLeftPanelView.xaml.cs'; 'Mvvm\Views\Pages\NightWorldLimitedContentLayoutView.xaml.cs'; 'Mvvm\Views\Pages\PageCurtains\NightWorld\NightWorldModalPageCurtainsView.xaml.cs'; 'Mvvm\Views\Pages\PageCurtains\NightWorld\NightWorldPageCurtainsView.xaml.cs'; 'Mvvm\Views\Pages\WelcomePage\WelcomePageThemeSelectView.xaml.cs'; 'Mvvm\Views\Pages\WelcomePage\WelcomeView.xaml.cs'; 'Mvvm\Views\Windows\ConsoleWindow.xaml.cs'; 'Mvvm\Views\Windows\MainWindow.xaml.cs'; 'Mvvm\Views\Windows\SplashWindow.xaml.cs'; 'Mvvm\Views\Windows\TestWindow.xaml.cs'; 'NWColorTools\ColorModel.cs'; 'NWColorTools\Gradient.cs'; 'NWColorTools\HLS.cs'; 'NWColorTools\HSV.cs'; 'Properties\AssemblyInfo.cs'; 'Properties\Resources.Designer.cs'; 'Properties\Settings.Designer.cs'; 'Tools\ColorTools.cs'; 'Tools\HashCodeHelper.cs'; 'Tools\ImageTools.cs'; 'Tools\WindowsResolutionTools.cs'; 'Tools\WordHelper.cs'; 'TrayMenu\TrayButton.cs'; 'TrayMenu\TrayComponentBase.cs'; 'WindowComponents\Header\Variants\HeaderBase.cs'; 'WindowComponents\Header\Variants\MacOSHeader.xaml.cs'; 'WindowComponents\Header\Variants\WindowsOSHeader.xaml.cs'; 'WindowComponents\Header\WindowHeaderArgs.cs'; 'WindowComponents\Header\WindowHeaderContainer.xaml.cs' [C:\Users\baneronetwo\Documents\GitHub\Lexplosion\Lexplosion.WPF.NewInterface\Lexplosion.WPF.NewInterface.csproj]
  Lexplosion.Core -> C:\Users\baneronetwo\Documents\GitHub\Lexplosion\Lexplosion.Core\bin\Debug\net472\Lexplosion.Core.dll

╨Ю╤И╨╕╨▒╨║╨░ ╤Б╨▒╨╛╤А╨║╨╕.

C:\Program Files\dotnet\sdk\9.0.304\Sdks\Microsoft.NET.Sdk\targets\Microsoft.NET.Sdk.DefaultItems.Shared.targets(190,5): error NETSDK1022: ╨▒╤Л╨╗╨╕ ╨▓╨║╨╗╤О╤З╨╡╨╜╤Л ╨┐╨╛╨▓╤В╨╛╤А╤П╤О╤Й╨╕╨╡╤Б╤П ╤Н╨╗╨╡╨╝╨╡╨╜╤В╤Л "Compile". ╨Я╨░╨║╨╡╤В┬аSDK ╨┤╨╗╤П┬а.NET ╨┐╨╛ ╤Г╨╝╨╛╨╗╤З╨░╨╜╨╕╤О ╨▓╨║╨╗╤О╤З╨░╨╡╤В ╤Н╨╗╨╡╨╝╨╡╨╜╤В╤Л "Compile" ╨╕╨╖ ╨║╨░╤В╨░╨╗╨╛╨│╨░ ╨┐╤А╨╛╨╡╨║╤В╨░. ╨Т╤Л ╨╝╨╛╨╢╨╡╤В╨╡ ╤Г╨┤╨░╨╗╨╕╤В╤М ╨╕╨╖ ╤Д╨░╨╣╨╗╨░ ╨┐╤А╨╛╨╡╨║╤В╨░ ╤Н╤В╨╕ ╤Н╨╗╨╡╨╝╨╡╨╜╤В╤Л ╨╕╨╗╨╕ ╨┐╤А╨╕╤Б╨▓╨╛╨╕╤В╤М ╤Б╨▓╨╛╨╣╤Б╤В╨▓╤Г "EnableDefaultCompileItems" ╨╖╨╜╨░╤З╨╡╨╜╨╕╨╡ "false", ╨╡╤Б╨╗╨╕ ╨╜╤Г╨╢╨╜╨╛ ╨▓╨║╨╗╤О╤З╨╕╤В╤М ╨╕╤Е ╨▓ ╤Д╨░╨╣╨╗ ╨┐╤А╨╛╨╡╨║╤В╨░ ╨▓ ╤П╨▓╨╜╨╛╨╝ ╨▓╨╕╨┤╨╡. ╨Ф╨╛╨┐╨╛╨╗╨╜╨╕╤В╨╡╨╗╤М╨╜╤Л╨╡ ╤Б╨▓╨╡╨┤╨╡╨╜╨╕╤П: https://aka.ms/sdkimplicititems. ╨Я╨╛╨▓╤В╨╛╤А╤П╤О╤Й╨╕╨╡╤Б╤П ╤Н╨╗╨╡╨╝╨╡╨╜╤В╤Л: 'App.xaml.cs'; 'Constants.cs'; 'Controls\AdvancedButton\AdvancedButton.cs'; 'Controls\AdvancedComboBox\AdvancedComboBox.cs'; 'Controls\AdvancedTextBox\AdvancedTextBox.cs'; 'Controls\AdvancedToggleButton\AdvancedToggleButton.cs'; 'Controls\AdvancedToolTip\AdvancedToolTip.cs'; 'Controls\AdvancedWrapPanel\AdvancedWrapPanel.cs'; 'Controls\AnimatedContentControl\AnimatedContentControl.cs'; 'Controls\BackTop\BackTop.cs'; 'Controls\BindablePasswordBox\BindablePasswordBox.xaml.cs'; 'Controls\CircleLoader\CircleLoader.cs'; 'Controls\Core\Message\IMessageService.cs'; 'Controls\Core\Message\MessageItemModel.cs'; 'Controls\Core\Message\MessageService.cs'; 'Controls\Core\Message\Types\MessageType.cs'; 'Controls\CornerRadiusExtension.cs'; 'Controls\DefaultMainMenuTabItem\DefaultMainMenuTabItem.cs'; 'Controls\DependencyObjectHelper.cs'; 'Controls\DigitCodeBox\DigitCodeBox.cs'; 'Controls\DragDropBoard\DragDropBoard.cs'; 'Controls\DropdownMenu\DropdownMenu.cs'; 'Controls\Empty\Empty.cs'; 'Controls\LaunchButton\LaunchButton.cs'; 'Controls\Loader\Loader.cs'; 'Controls\LoadingBoard\LoadingBoard.cs'; 'Controls\Message\MessageItem.cs'; 'Controls\ModalControl\ModalControl.cs'; 'Controls\OneStageInstallButton\OneStageInstallButton.cs'; 'Controls\PageCurtains\PageCurtains.cs'; 'Controls\Paginator\Paginator.cs'; 'Controls\Paginator\PaginatorOptions.cs'; 'Controls\SearchBox\SearchBox.cs'; 'Controls\TextSwitcherButton\TextSwitcherButton.cs'; 'Controls\ToastMessage\ToastMessage.cs'; 'Controls\UIUnderlineTabControl\UIUnderlineTabControl.cs'; 'Controls\UpperPlaceholderTextBox\UpperPlaceholderTextBox.cs'; 'Core\AppCore.cs'; 'Core\AppSettings.cs'; 'Core\BindingProxy.cs'; 'Core\Commands\CommandBase.cs'; 'Core\Commands\NavigateCommand.cs'; 'Core\Commands\RelayCommand.cs'; 'Core\ConsoleLog.cs'; 'Core\Converters\MultiValueConverter\AdvancedImageSourceNullValidateConverter.cs'; 'Core\Converters\MultiValueConverter\MultiValueConverterBase.cs'; 'Core\Converters\MultiValueConverter\StringFormatConverter.cs'; 'Core\Converters\MultiValueConverter\StyleSelectorConverter.cs'; 'Core\Converters\ValueConverters\BooleanToVisibilityConverter.cs'; 'Core\Converters\ValueConverters\CollectionToStringWithBreaklineConverter.cs'; 'Core\Converters\ValueConverters\ConverterBase.cs'; 'Core\Converters\ValueConverters\CountToVisibilityConverter.cs'; 'Core\Converters\ValueConverters\ImagePathValidateConverter.cs'; 'Core\Converters\ValueConverters\ImageSourceNullValidateConverter.cs'; 'Core\Converters\ValueConverters\IsCollectionEmptyConverter.cs'; 'Core\Converters\ValueConverters\IsObjectNullConverter.cs'; 'Core\Converters\ValueConverters\IsStringNullOrEmptyConverter.cs'; 'Core\Converters\ValueConverters\IsValueNullConverter.cs'; 'Core\Converters\ValueConverters\NegativeBooleanToVisibilityConverter.cs'; 'Core\Converters\ValueConverters\NegativeBooleanValueConverter.cs'; 'Core\Converters\ValueConverters\PositiveIntToShortStringConverter.cs'; 'Core\Converters\ValueConverters\RowElementCountConverter.cs'; 'Core\Converters\ValueConverters\StringCollectionToShortString.cs'; 'Core\Converters\ValueConverters\ToStringConverter.cs'; 'Core\Converters\ValueConverters\WindowHeightToXProcentHeight.cs'; 'Core\Converters\ValueConverters\WindowWidthToXProcentWidth.cs'; 'Core\FiltableObservableCollection.cs'; 'Core\GameExtensions\ExtensionManagerBase.cs'; 'Core\GameExtensions\MinecraftExtension.cs'; 'Core\GameExtensions\ModloaderManager.cs'; 'Core\GameExtensions\OptimizationModManager.cs'; 'Core\GlobalLoadingArgs.cs'; 'Core\If.cs'; 'Core\IRefreshable.cs'; 'Core\LeftPanelFieldInfo.cs'; 'Core\Modal\IModalViewModel.cs'; 'Core\Modal\ModalViewModelBase.cs'; 'Core\Notifications\IActionNotification.cs'; 'Core\Notifications\INotification.cs'; 'Core\Notifications\INotificationAction.cs'; 'Core\Notifications\INotificationService.cs'; 'Core\Notifications\NotificationType.cs'; 'Core\Notifications\SimpleNotification.cs'; 'Core\Objects\AccountItem.cs'; 'Core\Objects\Accounts.cs'; 'Core\Objects\ActivityColor.cs'; 'Core\Objects\CategoryWrapper.cs'; 'Core\Objects\DownloableAddonFile.cs'; 'Core\Objects\FrameworkElementModel.cs'; 'Core\Objects\InstanceDistribution.cs'; 'Core\Objects\LanguageModel.cs'; 'Core\Objects\LeftPanelItemModel.cs'; 'Core\Objects\ModalLeftMenuTabItem.cs'; 'Core\Objects\Modloader.cs'; 'Core\Objects\NightWorldUser.cs'; 'Core\Objects\Notification.cs'; 'Core\Objects\PlayerWrapper.cs'; 'Core\Objects\SelecteableItem.cs'; 'Core\Objects\TabItemModel.cs'; 'Core\Objects\Test.cs'; 'Core\Objects\Theme.cs'; 'Core\ObservableModelBase.cs'; 'Core\Paginator\IPaginator.cs'; 'Core\Paginator\Paginator.cs'; 'Core\Resources\IResourceLoader.cs'; 'Core\Resources\Language\LanguageItem.cs'; 'Core\Resources\Language\LanguageLoader.cs'; 'Core\Resources\ResourcesLoader.cs'; 'Core\Resources\Theme\ThemeItem.cs'; 'Core\Resources\Theme\ThemeLoader.cs'; 'Core\SegmentItem.cs'; 'Core\Services\AppColorThemeService.cs'; 'Core\Services\NotificationService.cs'; 'Core\Stores\INavigationStore.cs'; 'Core\Stores\ModalNavigationStore.cs'; 'Core\Stores\NavigationStore.cs'; 'Core\Switch.cs'; 'Core\TranslatableObjects\InstanceSourceObject.cs'; 'Core\TranslatableObjects\ITranslatableObject.cs'; 'Core\TranslatableObjects\SortByParamObject.cs'; 'Core\TranslatableObjects\TranslatableObject.cs'; 'Core\ViewModel\ContentLayoutViewModelBase.cs'; 'Core\ViewModel\ILayoutViewModel.cs'; 'Core\ViewModel\ILimitedAccess.cs'; 'Core\ViewModel\LimitedContentViewModelBase.cs'; 'Core\ViewModel\ObservableObject.cs'; 'Core\ViewModel\ViewModelBase.cs'; 'Extensions\Animations\SolidColorBrushAnimation.cs'; 'Extensions\ListBoxExtensions.cs'; 'Extensions\LongExtensions.cs'; 'Extensions\PathExtensions.cs'; 'Extensions\ResourceDictionaryExtensions.cs'; 'Extensions\ResourceKeyBinding.cs'; 'Extensions\ScrollViewerExtensions.cs'; 'Extensions\StyleSelectors\LastChildStyleSelector.cs'; 'Extensions\StyleSelectors\LastRowItemWrapPanelStyleSelector.cs'; 'Extensions\StyleSelectors\NthChildStyleSelector.cs'; 'Extensions\TextBlockExtensions.cs'; 'Extensions\TreeViewItemExtensions.cs'; 'Extensions\VisualExtensions.cs'; 'Main.cs'; 'Mvvm\Models\AddonsRepositories\AddonsRepositoryModelBase.cs'; 'Mvvm\Models\AddonsRepositories\Groups\CategoryGroup.cs'; 'Mvvm\Models\AddonsRepositories\Groups\IAddonSearchParamsGroupBase.cs'; 'Mvvm\Models\AddonsRepositories\Groups\ModloaderGroup.cs'; 'Mvvm\Models\AddonsRepositories\LexplosionAddonsRepositoryModel.cs'; 'Mvvm\Models\Authorization\AuthModelBase.cs'; 'Mvvm\Models\Authorization\AuthorizationMenuModel.cs'; 'Mvvm\Models\Authorization\BasicAuthorization\IBasicAuthModel.cs'; 'Mvvm\Models\Authorization\BasicAuthorization\NightWorld\DigitCodeConfimationModel.cs'; 'Mvvm\Models\Authorization\BasicAuthorization\NightWorld\NightWorldAuthorizationModel.cs'; 'Mvvm\Models\Authorization\BasicAuthorization\NightWorld\PasswordResetModel.cs'; 'Mvvm\Models\Authorization\IAuthModel.cs'; 'Mvvm\Models\Authorization\Modal\MicrosoftManualInputModal.cs'; 'Mvvm\Models\Authorization\NightWorldRegistrationModel.cs'; 'Mvvm\Models\Authorization\NoAccountAuthorizationModel.cs'; 'Mvvm\Models\Authorization\OAuth2\IOAuth2Model.cs'; 'Mvvm\Models\Authorization\OAuth2\MicrosoftAuthorizationModel.cs'; 'Mvvm\Models\InstanceControllers\CatalogController.cs'; 'Mvvm\Models\InstanceControllers\IInstanceController.cs'; 'Mvvm\Models\InstanceControllers\InstanceSharesController.cs'; 'Mvvm\Models\InstanceControllers\LibraryController.cs'; 'Mvvm\Models\InstanceModel\DownloadingData.cs'; 'Mvvm\Models\InstanceModel\InstanceLocation.cs'; 'Mvvm\Models\InstanceModel\InstanceModelArgs.cs'; 'Mvvm\Models\InstanceModel\InstanceModelBase.cs'; 'Mvvm\Models\InstanceTransfer\DistributedInstance.cs'; 'Mvvm\Models\InstanceTransfer\ImportProcess.cs'; 'Mvvm\Models\InstanceTransfer\InstanceDistributionModel.cs'; 'Mvvm\Models\InstanceTransfer\InstanceExportModel.cs'; 'Mvvm\Models\InstanceTransfer\InstanceFileTree.cs'; 'Mvvm\Models\InstanceTransfer\InstanceImportModel.cs'; 'Mvvm\Models\MainContent\InstanceProfile\Addons\InstanceAddonsContainerModel.cs'; 'Mvvm\Models\MainContent\InstanceProfile\Settings\InstanceProfileAboutModel.cs'; 'Mvvm\Models\MainContent\InstanceProfile\Settings\InstanceProfileConfigurationModel.cs'; 'Mvvm\Models\MainContent\InstanceProfile\Settings\InstanceProfileSettingsModel.cs'; 'Mvvm\Models\MainContent\MainMenu\CatalogModel.cs'; 'Mvvm\Models\MainContent\MainMenu\FIlterPanel\CatalogFilterPanel.cs'; 'Mvvm\Models\MainContent\MainMenu\FIlterPanel\LibraryFilterPanel.cs'; 'Mvvm\Models\MainContent\MainMenu\Friends\FindFriendsModel.cs'; 'Mvvm\Models\MainContent\MainMenu\Friends\Friend.cs'; 'Mvvm\Models\MainContent\MainMenu\Friends\FriendRequestsModel.cs'; 'Mvvm\Models\MainContent\MainMenu\Friends\FriendsModel.cs'; 'Mvvm\Models\MainContent\MainMenu\GeneralSettings\AccountsSettingsModel.cs'; 'Mvvm\Models\MainContent\MainMenu\GeneralSettings\AppearanceSettingsModel.cs'; 'Mvvm\Models\MainContent\MainMenu\GeneralSettings\GeneralSettingsModel.cs'; 'Mvvm\Models\MainContent\MainMenu\GeneralSettings\LanguageSettingsModel.cs'; 'Mvvm\Models\MainContent\MainMenu\LibraryModel.cs'; 'Mvvm\Models\MainContent\MainMenu\Multiplayer\AdServersModel.cs'; 'Mvvm\Models\MainContent\MainMenu\Multiplayer\MultiplayerModel.cs'; 'Mvvm\Models\MainModel.cs'; 'Mvvm\Models\Modal\AccountFactoryModel.cs'; 'Mvvm\Models\Modal\InstanceFactory\InstanceCopyErrorsModel.cs'; 'Mvvm\Models\Modal\InstanceFactory\InstanceCopyModel.cs'; 'Mvvm\Models\Modal\InstanceFactory\InstanceFactoryModel.cs'; 'Mvvm\Models\Modal\InstanceGroupsConfiguratorModel.cs'; 'Mvvm\Models\UserData.cs'; 'Mvvm\OldInstanceForm.xaml.cs'; 'Mvvm\ViewModels\AddonsRepositories\LexplosionAddonsRepositoryViewModel.cs'; 'Mvvm\ViewModels\Args\MultiplayerSection\MultiplayerLayoutArgs.cs'; 'Mvvm\ViewModels\Args\MultiplayerSection\SelectInstanceForServerArgs.cs'; 'Mvvm\ViewModels\Authorization\AuthorizationMenuViewModel.cs'; 'Mvvm\ViewModels\Authorization\AuthorizationViewModelBase.cs'; 'Mvvm\ViewModels\Authorization\BasicAuthorization\NightWorld\DigitCodeConfirmationViewModel.cs'; 'Mvvm\ViewModels\Authorization\BasicAuthorization\NightWorld\NightWorldAuthorizationViewModel.cs'; 'Mvvm\ViewModels\Authorization\BasicAuthorization\NightWorld\PasswordResetViewModel.cs'; 'Mvvm\ViewModels\Authorization\Modal\MicrosoftManualInputViewModel.cs'; 'Mvvm\ViewModels\Authorization\NightWorldRegistrationViewModel.cs'; 'Mvvm\ViewModels\Authorization\NoAccountAuthorizationViewModel.cs'; 'Mvvm\ViewModels\Authorization\OAuth2\MicrosoftAuthorizationViewModel.cs'; 'Mvvm\ViewModels\Limited\LimitedContentLayoutViewModelBase.cs'; 'Mvvm\ViewModels\Limited\NightWorldLimitedContentLayoutViewModel.cs'; 'Mvvm\ViewModels\MainContent\InstanceProfile\Addons\InstanceAddonsContainerViewModel.cs'; 'Mvvm\ViewModels\MainContent\InstanceProfile\Addons\InstanceProfileAddonsLayoutViewModel.cs'; 'Mvvm\ViewModels\MainContent\InstanceProfile\Addons\IVisualFormat.cs'; 'Mvvm\ViewModels\MainContent\InstanceProfile\Addons\VisualFormat.cs'; 'Mvvm\ViewModels\MainContent\InstanceProfile\InstanceProfileLayoutViewModel.cs'; 'Mvvm\ViewModels\MainContent\InstanceProfile\InstanceProfileLeftPanelViewModel.cs'; 'Mvvm\ViewModels\MainContent\InstanceProfile\Overview\InstanceProfileOverviewGalleryViewModel.cs'; 'Mvvm\ViewModels\MainContent\InstanceProfile\Overview\InstanceProfileOverviewLayoutViewModel.cs'; 'Mvvm\ViewModels\MainContent\InstanceProfile\Overview\InstanceProfileOverviewViewModel.cs'; 'Mvvm\ViewModels\MainContent\InstanceProfile\Overview\InstanceProfileVersionsViewModel.cs'; 'Mvvm\ViewModels\MainContent\InstanceProfile\Settings\InstanceProfileAboutViewModel.cs'; 'Mvvm\ViewModels\MainContent\InstanceProfile\Settings\InstanceProfileConfigurationViewModel.cs'; 'Mvvm\ViewModels\MainContent\InstanceProfile\Settings\InstanceProfileSettingsLayoutViewModel.cs'; 'Mvvm\ViewModels\MainContent\InstanceProfile\Settings\InstanceProfileSettingsViewModel.cs'; 'Mvvm\ViewModels\MainContent\MainMenu\Content\CatalogViewModel.cs'; 'Mvvm\ViewModels\MainContent\MainMenu\Content\Friends\FindFriendsViewModel.cs'; 'Mvvm\ViewModels\MainContent\MainMenu\Content\Friends\FriendRequestsViewModel.cs'; 'Mvvm\ViewModels\MainContent\MainMenu\Content\Friends\FriendsLayoutViewModel.cs'; 'Mvvm\ViewModels\MainContent\MainMenu\Content\Friends\FriendsViewModel.cs'; 'Mvvm\ViewModels\MainContent\MainMenu\Content\GeneralSettings\AboutUsViewModel.cs'; 'Mvvm\ViewModels\MainContent\MainMenu\Content\GeneralSettings\AccountsSettingsViewModel.cs'; 'Mvvm\ViewModels\MainContent\MainMenu\Content\GeneralSettings\AppearanceSettingsViewModel.cs'; 'Mvvm\ViewModels\MainContent\MainMenu\Content\GeneralSettings\GeneralSettingsLayoutViewModel.cs'; 'Mvvm\ViewModels\MainContent\MainMenu\Content\GeneralSettings\GeneralSettingsViewModel.cs'; 'Mvvm\ViewModels\MainContent\MainMenu\Content\GeneralSettings\LanguageSettingsViewModel.cs'; 'Mvvm\ViewModels\MainContent\MainMenu\Content\LibraryViewModel.cs'; 'Mvvm\ViewModels\MainContent\MainMenu\Content\Multiplayer\AdServersViewModel.cs'; 'Mvvm\ViewModels\MainContent\MainMenu\Content\Multiplayer\MultiplayerLayoutViewModel.cs'; 'Mvvm\ViewModels\MainContent\MainMenu\Content\Multiplayer\MultiplayerViewModel.cs'; 'Mvvm\ViewModels\MainContent\MainMenu\LeftPanel\LeftPanelViewModel.cs'; 'Mvvm\ViewModels\MainContent\MainMenu\MainMenuLayoutViewModel.cs'; 'Mvvm\ViewModels\MainContent\ServerProfile\Overview\ServerProfileOverviewGalleryViewModel.cs'; 'Mvvm\ViewModels\MainContent\ServerProfile\Overview\ServerProfileOverviewLayoutViewModel.cs'; 'Mvvm\ViewModels\MainContent\ServerProfile\Overview\ServerProfileOverviewViewModel.cs'; 'Mvvm\ViewModels\MainContent\ServerProfile\ServerProfileLayoutViewModel.cs'; 'Mvvm\ViewModels\MainContent\ServerProfile\ServerProfileLeftPanelViewModel.cs'; 'Mvvm\ViewModels\MainViewModel.cs'; 'Mvvm\ViewModels\ModalFactory\ModalFactoryBase.cs'; 'Mvvm\ViewModels\ModalFactory\ModalInstanceCreatorFactory.cs'; 'Mvvm\ViewModels\Modal\AccountFactoryViewModel.cs'; 'Mvvm\ViewModels\Modal\AddonRepository\SelectAddonVersionViewModel.cs'; 'Mvvm\ViewModels\Modal\AdServers\AskServerInstanceInstallingViewModel.cs'; 'Mvvm\ViewModels\Modal\AdServers\SelectInstanceForServerViewModel.cs'; 'Mvvm\ViewModels\Modal\ConfirmActionViewModel.cs'; 'Mvvm\ViewModels\Modal\DownloadViewerViewModel.cs'; 'Mvvm\ViewModels\Modal\ErrorViewerViewModel.cs'; 'Mvvm\ViewModels\Modal\InstanceFactory\InstanceCopyErrorsViewModel.cs'; 'Mvvm\ViewModels\Modal\InstanceFactory\InstanceCopyViewModel.cs'; 'Mvvm\ViewModels\Modal\InstanceFactory\InstanceFactoryViewModel.cs'; 'Mvvm\ViewModels\Modal\InstancesGroup\InstanceGroupsConfiguratorViewModel.cs'; 'Mvvm\ViewModels\Modal\InstancesGroup\InstancesGroupEditViewModel.cs'; 'Mvvm\ViewModels\Modal\InstancesGroup\InstancesGroupFactoryViewModel.cs'; 'Mvvm\ViewModels\Modal\InstanceTransfer\ActiveSharesViewModel.cs'; 'Mvvm\ViewModels\Modal\InstanceTransfer\Import\InstanceImportFillDataViewModel.cs'; 'Mvvm\ViewModels\Modal\InstanceTransfer\Import\InstanceImportViewModel.cs'; 'Mvvm\ViewModels\Modal\InstanceTransfer\InstanceDistributionViewModel.cs'; 'Mvvm\ViewModels\Modal\InstanceTransfer\InstanceExportViewModel.cs'; 'Mvvm\ViewModels\Modal\InstanceTransfer\InstanceShareLayoutViewModel.cs'; 'Mvvm\ViewModels\Modal\InstanceTransfer\InstanceShareViewModel.cs'; 'Mvvm\ViewModels\Modal\LeftMenu\LeftMenuControl.cs'; 'Mvvm\ViewModels\WelcomePageThemeSelectViewModel.cs'; 'Mvvm\ViewModels\WelcomeViewModel.cs'; 'Mvvm\Views\Modal\AccountFactoryView.xaml.cs'; 'Mvvm\Views\Modal\AddonRepository\SelectAddonVersionView.xaml.cs'; 'Mvvm\Views\Modal\AdServers\AskServerInstanceInstallingView.xaml.cs'; 'Mvvm\Views\Modal\AdServers\SelectInstanceForServerView.xaml.cs'; 'Mvvm\Views\Modal\Authorization\MicrosoftManualInputView.xaml.cs'; 'Mvvm\Views\Modal\ConfirmAction\ConfirmActionView.xaml.cs'; 'Mvvm\Views\Modal\DownloadViewer.xaml.cs'; 'Mvvm\Views\Modal\ErrorViewer.xaml.cs'; 'Mvvm\Views\Modal\InstanceFactory\InstanceCopyErrorsView.xaml.cs'; 'Mvvm\Views\Modal\InstanceFactory\InstanceCopyView.xaml.cs'; 'Mvvm\Views\Modal\InstanceFactory\InstanceFactoryView.xaml.cs'; 'Mvvm\Views\Modal\InstancesGroup\InstanceGroupsConfiguratorView.xaml.cs'; 'Mvvm\Views\Modal\InstancesGroup\InstancesGroupEditView.xaml.cs'; 'Mvvm\Views\Modal\InstancesGroup\InstancesGroupFactoryView.xaml.cs'; 'Mvvm\Views\Modal\InstanceTransfer\ActiveSharesView.xaml.cs'; 'Mvvm\Views\Modal\InstanceTransfer\InstanceDistributionView.xaml.cs'; 'Mvvm\Views\Modal\InstanceTransfer\InstanceExportView.xaml.cs'; 'Mvvm\Views\Modal\InstanceTransfer\InstanceImport\InstanceImportFillDataView.xaml.cs'; 'Mvvm\Views\Modal\InstanceTransfer\InstanceImport\InstanceImportView.xaml.cs'; 'Mvvm\Views\Modal\InstanceTransfer\InstanceShareLayoutView.xaml.cs'; 'Mvvm\Views\Modal\InstanceTransfer\InstanceShareView.xaml.cs'; 'Mvvm\Views\Modal\LeftMenu\LeftMenuControl.xaml.cs'; 'Mvvm\Views\Pages\AddonsRepositories\LexplosionAddonsRepository.xaml.cs'; 'Mvvm\Views\Pages\AddonsRepositories\Lexplosion\AddonRepositoryCatalogView.xaml.cs'; 'Mvvm\Views\Pages\AddonsRepositories\Lexplosion\InProgressAddonsRepositoryView.xaml.cs'; 'Mvvm\Views\Pages\AddonsRepositories\Lexplosion\InstalledAddonsRepositoryView.xaml.cs'; 'Mvvm\Views\Pages\Authorization\AuthorizationMenuView.xaml.cs'; 'Mvvm\Views\Pages\Authorization\Microsoft\MicrosoftAuthorizationView.xaml.cs'; 'Mvvm\Views\Pages\Authorization\NightWorld\DigitCodeConfirmationVIew.xaml.cs'; 'Mvvm\Views\Pages\Authorization\NightWorld\NightWorldAuthFormView.xaml.cs'; 'Mvvm\Views\Pages\Authorization\NightWorld\NightWorldRegistrationView.xaml.cs'; 'Mvvm\Views\Pages\Authorization\NightWorld\PasswordResetView.xaml.cs'; 'Mvvm\Views\Pages\Authorization\NoAccountAuthorizationView.xaml.cs'; 'Mvvm\Views\Pages\MainContent\InstanceProfile\Addons\InstanceProfileAddonsLayoutView.xaml.cs'; 'Mvvm\Views\Pages\MainContent\InstanceProfile\Addons\InstanceProfileAddonsView.xaml.cs'; 'Mvvm\Views\Pages\MainContent\InstanceProfile\InstanceProfileLayoutView.xaml.cs'; 'Mvvm\Views\Pages\MainContent\InstanceProfile\InstanceProfileLeftPanelView.xaml.cs'; 'Mvvm\Views\Pages\MainContent\InstanceProfile\InstanceProfileVersionsView.xaml.cs'; 'Mvvm\Views\Pages\MainContent\InstanceProfile\Overview\InstanceProfileOverviewGalleryView.xaml.cs'; 'Mvvm\Views\Pages\MainContent\InstanceProfile\Overview\InstanceProfileOverviewLayoutView.xaml.cs'; 'Mvvm\Views\Pages\MainContent\InstanceProfile\Overview\InstanceProfileOverviewView.xaml.cs'; 'Mvvm\Views\Pages\MainContent\InstanceProfile\Settings\InstanceProfileAboutView.xaml.cs'; 'Mvvm\Views\Pages\MainContent\InstanceProfile\Settings\InstanceProfileConfigurationView.xaml.cs'; 'Mvvm\Views\Pages\MainContent\InstanceProfile\Settings\InstanceProfileSettingsLayoutView.xaml.cs'; 'Mvvm\Views\Pages\MainContent\InstanceProfile\Settings\InstanceProfileSettingsView.xaml.cs'; 'Mvvm\Views\Pages\MainContent\MainMenu\Content\CatalogView.xaml.cs'; 'Mvvm\Views\Pages\MainContent\MainMenu\Content\Friends\FindFriendsView.xaml.cs'; 'Mvvm\Views\Pages\MainContent\MainMenu\Content\Friends\Friend.xaml.cs'; 'Mvvm\Views\Pages\MainContent\MainMenu\Content\Friends\FriendRequestsView.xaml.cs'; 'Mvvm\Views\Pages\MainContent\MainMenu\Content\Friends\FriendsLayoutViewModel.xaml.cs'; 'Mvvm\Views\Pages\MainContent\MainMenu\Content\Friends\FriendsView.xaml.cs'; 'Mvvm\Views\Pages\MainContent\MainMenu\Content\GeneralSettings\AboutUsView.xaml.cs'; 'Mvvm\Views\Pages\MainContent\MainMenu\Content\GeneralSettings\AccountsSettingsView.xaml.cs'; 'Mvvm\Views\Pages\MainContent\MainMenu\Content\GeneralSettings\AppearanceSettingsView.xaml.cs'; 'Mvvm\Views\Pages\MainContent\MainMenu\Content\GeneralSettings\GeneralSettingsLayoutView.xaml.cs'; 'Mvvm\Views\Pages\MainContent\MainMenu\Content\GeneralSettings\GeneralSettingsView.xaml.cs'; 'Mvvm\Views\Pages\MainContent\MainMenu\Content\GeneralSettings\LanguageSettingsView.xaml.cs'; 'Mvvm\Views\Pages\MainContent\MainMenu\Content\LibraryView.xaml.cs'; 'Mvvm\Views\Pages\MainContent\MainMenu\Content\Multiplayer\AdServersView.xaml.cs'; 'Mvvm\Views\Pages\MainContent\MainMenu\Content\Multiplayer\MultiplayerLayoutView.xaml.cs'; 'Mvvm\Views\Pages\MainContent\MainMenu\Content\Multiplayer\MultiplayerView.xaml.cs'; 'Mvvm\Views\Pages\MainContent\MainMenu\LeftPanel\LeftPanelView.xaml.cs'; 'Mvvm\Views\Pages\MainContent\MainMenu\MainMenuLayoutView.xaml.cs'; 'Mvvm\Views\Pages\MainContent\ServerProfile\Overview\ServerProfileOverviewGalleryView.xaml.cs'; 'Mvvm\Views\Pages\MainContent\ServerProfile\Overview\ServerProfileOverviewLayoutView.xaml.cs'; 'Mvvm\Views\Pages\MainContent\ServerProfile\Overview\ServerProfileOverviewView.xaml.cs'; 'Mvvm\Views\Pages\MainContent\ServerProfile\ServerProfileLayoutView.xaml.cs'; 'Mvvm\Views\Pages\MainContent\ServerProfile\ServerProfileLeftPanelView.xaml.cs'; 'Mvvm\Views\Pages\NightWorldLimitedContentLayoutView.xaml.cs'; 'Mvvm\Views\Pages\PageCurtains\NightWorld\NightWorldModalPageCurtainsView.xaml.cs'; 'Mvvm\Views\Pages\PageCurtains\NightWorld\NightWorldPageCurtainsView.xaml.cs'; 'Mvvm\Views\Pages\WelcomePage\WelcomePageThemeSelectView.xaml.cs'; 'Mvvm\Views\Pages\WelcomePage\WelcomeView.xaml.cs'; 'Mvvm\Views\Windows\ConsoleWindow.xaml.cs'; 'Mvvm\Views\Windows\MainWindow.xaml.cs'; 'Mvvm\Views\Windows\SplashWindow.xaml.cs'; 'Mvvm\Views\Windows\TestWindow.xaml.cs'; 'NWColorTools\ColorModel.cs'; 'NWColorTools\Gradient.cs'; 'NWColorTools\HLS.cs'; 'NWColorTools\HSV.cs'; 'Properties\AssemblyInfo.cs'; 'Properties\Resources.Designer.cs'; 'Properties\Settings.Designer.cs'; 'Tools\ColorTools.cs'; 'Tools\HashCodeHelper.cs'; 'Tools\ImageTools.cs'; 'Tools\WindowsResolutionTools.cs'; 'Tools\WordHelper.cs'; 'TrayMenu\TrayButton.cs'; 'TrayMenu\TrayComponentBase.cs'; 'WindowComponents\Header\Variants\HeaderBase.cs'; 'WindowComponents\Header\Variants\MacOSHeader.xaml.cs'; 'WindowComponents\Header\Variants\WindowsOSHeader.xaml.cs'; 'WindowComponents\Header\WindowHeaderArgs.cs'; 'WindowComponents\Header\WindowHeaderContainer.xaml.cs' [C:\Users\baneronetwo\Documents\GitHub\Lexplosion\Lexplosion.WPF.NewInterface\Lexplosion.WPF.NewInterface.csproj]
    ╨Я╤А╨╡╨┤╤Г╨┐╤А╨╡╨╢╨┤╨╡╨╜╨╕╨╣: 0
    ╨Ю╤И╨╕╨▒╨╛╨║: 1

╨Я╤А╨╛╤И╨╗╨╛ ╨▓╤А╨╡╨╝╨╡╨╜╨╕ 00:00:05.63
